  Linearize ENDF/B Cross Sections (LINEAR 2021-1)
  ------------------------------------------------------------------------------
  Retrieval Criteria-----------        MAT
  Monitor Mode-----------------         On
  Minimum Cross Section-------- 1.0000E-30 (No longer an Input Option)
  Keep Evaluated Data Points---         No
  ------------------------------------------------------------------------------
  ENDF/B Input and Output Data Filenames
  PREPRO21.IN                                                             
  LINEAR.OUT                                                              
  ------------------------------------------------------------------------------
  Requested Ranges
  ------------------------------------------------------------------------------
       Minimum       Maximum   
     MAT MF  MT    MAT MF  MT
  ------------------------------------------------------------------------------
       0  0   0   9999 99 999
  ------------------------------------------------------------------------------
  Allowable Uncertainty
  ------------------------------------------------------------------------------
      Energy Uncertainty   per-cent
  ------------------------------------------------------------------------------
  0.0         .001000000     0.1000
  ------------------------------------------------------------------------------
  ENDF/B Tape Label
  ------------------------------------------------------------------------------
  Retrieved by E4-util: 2018/02/07,18:00:37                            1
  ------------------------------------------------------------------------------
    Material    MAT  MF  MT  ENDF/B      Kelvin     Q-Value   Points   Points
                             Format                      eV       In      Out
  ------------------------------------------------------------------------------
   22-Ti-46    2225   3   1   6      0.0         0.0              90       37
   22-Ti-46    2225   3   2   6      0.0         0.0              90       53
   22-Ti-46    2225   3   4   6      0.0        -889300.000       40       47
   22-Ti-46    2225   3  16   6      0.0        -13196800.0        8        8
   22-Ti-46    2225   3  22   6      0.0        -8012630.00       12       12
   22-Ti-46    2225   3  28   6      0.0        -10351900.0       11       11
   22-Ti-46    2225   3  51   6      0.0        -889300.000       34       46
   22-Ti-46    2225   3  52   6      0.0        -2009800.00       29       54
   22-Ti-46    2225   3  53   6      0.0        -2611200.00       25       75
   22-Ti-46    2225   3  54   6      0.0        -2962000.00       24       53
   22-Ti-46    2225   3  55   6      0.0        -3058500.00       23       39
   22-Ti-46    2225   3  56   6      0.0        -3168200.00       21       70
   22-Ti-46    2225   3  57   6      0.0        -3213300.00       20       70
   22-Ti-46    2225   3  58   6      0.0        -3235800.00       20       44
   22-Ti-46    2225   3  59   6      0.0        -3299000.00       18       59
   22-Ti-46    2225   3  91   6      0.0        -3299000.00       20       35
   22-Ti-46    2225   3 102   6      0.0         8877400.00       53       75
   22-Ti-46    2225   3 103   6      0.0        -1584930.00       20       20
   22-Ti-46    2225   3 104   6      0.0        -8127310.00       12       11
   22-Ti-46    2225   3 105   6      0.0        -13190500.0        8        7
   22-Ti-46    2225   3 106   6      0.0        -9522210.00        9        8
   22-Ti-46    2225   3 107   6      0.0        -80049.8000       21       19
   22-Ti-46    2225   3 111   6      0.0        -9818700.00       11       11
  ------------------------------------------------------------------------------
                                                 MAT Totals      619      864
  ------------------------------------------------------------------------------
 ------------------------------------------------------------------------------
 All Cross Sections Read. Maximum Tabulated Energy =  20000000.0 eV
 ------------------------------------------------------------------------------
 ===============================================================================
      MAT Total Execution Time                0.16 Seconds
 ===============================================================================
  ------------------------------------------------------------------------------
                                                Tape Totals      619      864
  ------------------------------------------------------------------------------
 ===============================================================================
 LINEAR   Total Execution Time                0.16 Seconds
 ===============================================================================
